<div id="__next">
 <ul>
  <li>
   1:
   <!-- -->
   Hallo Welt
   <!-- -->
  </li>
  <li>
   2:
   <!-- -->
   Hallo Welt
   <!-- -->
  </li>
  <li>
   3:
   <!-- -->
   Alles Gute zum Geburtstag, Sam!
   <!-- -->
  </li>
  <li>
   4:
   <!-- -->
   Alles Gute zum Geburtstag, Sam!
   <!-- -->
  </li>
 </ul>
 <ul>
  <li>
   1:
   <!-- -->
   Hallo Welt
   <!-- -->
  </li>
  <li>
   2:
   <!-- -->
   <!-- -->
   Hallo Welt
   <!-- -->
  </li>
  <li>
   3:
   <!-- -->
   Hallo Welt
   <!-- -->
  </li>
  <li>
   4:
   <!-- -->
   Hallo Welt
   <!-- -->
  </li>
  <li>
   5:
   <!-- -->
   Hallo Welt
   <!-- -->
  </li>
  <li>
   6:
   <!-- -->
   <!-- -->
   <a>
    Hallo Welt
    <!-- -->
   </a>
  </li>
  <li>
   7:
   <!-- -->
   <!-- -->
   Hallo
   <!-- -->
   <a>
    Welt
    <!-- -->
   </a>
  </li>
  <li>
   8:
   <!-- -->
   <!-- -->
   <strong>
    Foo
   </strong>
   Hallo Welt
   <!-- -->
  </li>
  <li>
   9:
   <!-- -->
   <!-- -->
   Hallo
   <!-- -->
   <a>
    Welt
    <!-- -->
   </a>
  </li>
  <li>
   10:
   <!-- -->
   <!-- -->
   Hallo Welt
   <!-- -->
  </li>
  <li>
   11:
   <!-- -->
   Hallo  Welt
   <!-- -->
  </li>
  <li>
   12:
   <!-- -->
   <!-- -->
   LOREM IPSUM DOLOR SIT AMET, CONSECTETUR ADIPISCING ELIT. INTEGER ALIQUAM, TELLUS UT VULPUTATE VENENATIS, IPSUM MI EFFICITUR EST, VEL ORNARE EX ENIM EGET ORCI. NAM MATTIS LIBERO QUIS FINIBUS HENDRERIT.
   <!-- -->
  </li>
  <li>
   13:
   <!-- -->
   Alles Gute zum Geburtstag, Sam!
   <!-- -->
  </li>
  <li>
   14:
   <!-- -->
   Alles Gute zum Geburtstag, Sam!
   <!-- -->
  </li>
 </ul>
 <ul>
  <li>
   Wir haben deine E-Mail Adresse und/oder dein Passwort nicht erkannt. Bitte versuche es noch einmal oder
   <!-- -->
   <a href="/sign-in/request-reset-password">
    stelle dein Passwort wieder her
    <!-- -->
   </a>
   .
   <!-- -->
  </li>
 </ul>
</div>
