<div id="__next">
 <ul>
  <li>
   1:
   <!-- -->
   Hello world
  </li>
  <li>
   2:
   <!-- -->
   Hello world
  </li>
  <li>
   3:
   <!-- -->
   Happy birthday, Sam!
  </li>
  <li>
   4:
   <!-- -->
   Happy birthday, Sam!
  </li>
 </ul>
 <ul>
  <li>
   1:
   <!-- -->
   Hello world
  </li>
  <li>
   2:
   <!-- -->
   <!-- -->
   Hello world
  </li>
  <li>
   3:
   <!-- -->
   Hello world
  </li>
  <li>
   4:
   <!-- -->
   Hello world
  </li>
  <li>
   5:
   <!-- -->
   Hello world
  </li>
  <li>
   6:
   <!-- -->
   <a>
    Hello world
   </a>
  </li>
  <li>
   7:
   <!-- -->
   <!-- -->
   Hello
   <a>
    world
   </a>
  </li>
  <li>
   8:
   <!-- -->
   <strong>
    Foo
   </strong>
   Hello world
  </li>
  <li>
   9:
   <!-- -->
   <!-- -->
   Hello
   <a>
    world
   </a>
  </li>
  <li>
   10:
   <!-- -->
   <!-- -->
   Hello world
  </li>
  <li>
   11:
   <!-- -->
   Hello  world
  </li>
  <li>
   12:
   <!-- -->
   <!-- -->
   Lorem ipsum dolor sit amet, consectetur adipiscing elit. Integer aliquam, tellus ut vulputate venenatis, ipsum mi efficitur est, vel ornare ex enim eget orci. Nam mattis libero quis finibus hendrerit.
  </li>
  <li>
   13:
   <!-- -->
   Happy birthday, Sam!
  </li>
  <li>
   14:
   <!-- -->
   Happy birthday, Sam!
  </li>
 </ul>
 <ul>
  <li>
   We did not recognize your email and/or password. Please try again or
   <a href="/sign-in/request-reset-password">
    recover your password
   </a>
   .
  </li>
 </ul>
</div>
